// Jest Snapshot v1, https://goo.gl/fbAQLP

exports[`test fo sug 1`] = `
<div
  style={
    {
      "alignItems": "center",
      "background": "rgba(90, 90, 90, 0.8)",
      "bottom": 0,
      "display": "flex",
      "flexDirection": "row",
      "left": 0,
      "position": "fixed",
      "right": 0,
      "top": 0,
      "zIndex": 99,
    }
  }
>
  <div
    style={
      {
        "alignItems": "center",
        "background": "white",
        "border": "1px solid rgba(0, 0, 0, 0.05)",
        "borderRadius": "10px",
        "display": "flex",
        "height": "max-content",
        "marginBottom": "auto",
        "marginLeft": "auto",
        "marginRight": "auto",
        "marginTop": "auto",
        "zIndex": 99,
      }
    }
  >
    <div
      className="MuiContainer-root MuiContainer-maxWidthXs css-nzinn5-MuiContainer-root"
    >
      <div
        className="MuiBox-root css-70qvj9"
      >
        <svg
          aria-hidden={true}
          className="MuiSvgIcon-root MuiSvgIcon-fontSizeMedium css-15wpu8i-MuiSvgIcon-root"
          data-testid="ClearIcon"
          focusable="false"
          onClick={[Function]}
          viewBox="0 0 24 24"
        >
          <path
            d="M19 6.41 17.59 5 12 10.59 6.41 5 5 6.41 10.59 12 5 17.59 6.41 19 12 13.41 17.59 19 19 17.59 13.41 12z"
          />
        </svg>
      </div>
      <ul
        className="MuiList-root MuiList-padding css-1mcnwpj-MuiList-root"
      >
        <div>
          <p>
            Follower Suggestions For You:
          </p>
          <li
            className="MuiListItem-root MuiListItem-gutters MuiListItem-padding css-1p823my-MuiListItem-root"
            disabled={false}
          >
            <div
              className="MuiListItemAvatar-root css-1e9lk82-MuiListItemAvatar-root"
              data-index={1}
              onClick={[Function]}
            >
              <div
                className="MuiAvatar-root MuiAvatar-circular css-1wlk0hk-MuiAvatar-root"
              >
                <img
                  alt={2}
                  className="MuiAvatar-img css-1pqm26d-MuiAvatar-img"
                  src="/static/images/avatar/3.jpg"
                />
              </div>
            </div>
            <div
              className="MuiListItemText-root css-tlelie-MuiListItemText-root"
            >
              <span
                className="MuiTypography-root MuiTypography-body1 MuiListItemText-primary css-10hburv-MuiTypography-root"
              >
                1
              </span>
            </div>
          </li>
        </div>
        <hr
          className="MuiDivider-root MuiDivider-fullWidth css-9mgopn-MuiDivider-root"
        />
        <div>
          <p>
            Following: 
          </p>
          <li
            className="MuiListItem-root MuiListItem-gutters MuiListItem-padding css-1p823my-MuiListItem-root"
            disabled={false}
          >
            <div
              className="MuiListItemAvatar-root css-1e9lk82-MuiListItemAvatar-root"
            >
              <div
                className="MuiAvatar-root MuiAvatar-circular css-1wlk0hk-MuiAvatar-root"
              >
                <img
                  alt="3"
                  className="MuiAvatar-img css-1pqm26d-MuiAvatar-img"
                  src="/static/images/avatar/3.jpg"
                />
              </div>
            </div>
            <div
              className="MuiListItemText-root css-tlelie-MuiListItemText-root"
            >
              <span
                className="MuiTypography-root MuiTypography-body1 MuiListItemText-primary css-10hburv-MuiTypography-root"
              >
                3
              </span>
            </div>
          </li>
        </div>
      </ul>
    </div>
  </div>
</div>
`;
