// Jest Snapshot v1, https://goo.gl/fbAQLP

exports[`test profile snapshot 1`] = `
<ThemeProvider
  theme={
    {
      "breakpoints": {
        "between": [Function],
        "down": [Function],
        "keys": [
          "xs",
          "sm",
          "md",
          "lg",
          "xl",
        ],
        "not": [Function],
        "only": [Function],
        "unit": "px",
        "up": [Function],
        "values": {
          "lg": 1200,
          "md": 900,
          "sm": 600,
          "xl": 1536,
          "xs": 0,
        },
      },
      "components": {},
      "direction": "ltr",
      "mixins": {
        "toolbar": {
          "@media (min-width:0px)": {
            "@media (orientation: landscape)": {
              "minHeight": 48,
            },
          },
          "@media (min-width:600px)": {
            "minHeight": 64,
          },
          "minHeight": 56,
        },
      },
      "palette": {
        "action": {
          "activatedOpacity": 0.12,
          "active": "rgba(0, 0, 0, 0.54)",
          "activeChannel": "0 0 0",
          "disabled": "rgba(0, 0, 0, 0.26)",
          "disabledBackground": "rgba(0, 0, 0, 0.12)",
          "disabledOpacity": 0.38,
          "focus": "rgba(0, 0, 0, 0.12)",
          "focusOpacity": 0.12,
          "hover": "rgba(0, 0, 0, 0.04)",
          "hoverOpacity": 0.04,
          "selected": "rgba(0, 0, 0, 0.08)",
          "selectedChannel": "0 0 0",
          "selectedOpacity": 0.08,
        },
        "augmentColor": [Function],
        "background": {
          "default": "#fff",
          "paper": "#fff",
        },
        "common": {
          "black": "#000",
          "white": "#fff",
        },
        "contrastThreshold": 3,
        "divider": "rgba(0, 0, 0, 0.12)",
        "error": {
          "contrastText": "#fff",
          "dark": "#c62828",
          "light": "#ef5350",
          "main": "#d32f2f",
        },
        "getContrastText": [Function],
        "grey": {
          "100": "#f5f5f5",
          "200": "#eeeeee",
          "300": "#e0e0e0",
          "400": "#bdbdbd",
          "50": "#fafafa",
          "500": "#9e9e9e",
          "600": "#757575",
          "700": "#616161",
          "800": "#424242",
          "900": "#212121",
          "A100": "#f5f5f5",
          "A200": "#eeeeee",
          "A400": "#bdbdbd",
          "A700": "#616161",
        },
        "info": {
          "contrastText": "#fff",
          "dark": "#01579b",
          "light": "#03a9f4",
          "main": "#0288d1",
        },
        "mode": "light",
        "primary": {
          "contrastText": "#fff",
          "dark": "#1565c0",
          "light": "#42a5f5",
          "main": "#1976d2",
        },
        "secondary": {
          "contrastText": "#fff",
          "dark": "#7b1fa2",
          "light": "#ba68c8",
          "main": "#9c27b0",
        },
        "success": {
          "contrastText": "#fff",
          "dark": "#1b5e20",
          "light": "#4caf50",
          "main": "#2e7d32",
        },
        "text": {
          "disabled": "rgba(0, 0, 0, 0.38)",
          "primary": "rgba(0, 0, 0, 0.87)",
          "primaryChannel": "0 0 0",
          "secondary": "rgba(0, 0, 0, 0.6)",
          "secondaryChannel": "0 0 0",
        },
        "tonalOffset": 0.2,
        "warning": {
          "contrastText": "#fff",
          "dark": "#e65100",
          "light": "#ff9800",
          "main": "#ed6c02",
        },
      },
      "shadows": [
        "none",
        "0px 2px 1px -1px rgba(0,0,0,0.2),0px 1px 1px 0px rgba(0,0,0,0.14),0px 1px 3px 0px rgba(0,0,0,0.12)",
        "0px 3px 1px -2px rgba(0,0,0,0.2),0px 2px 2px 0px rgba(0,0,0,0.14),0px 1px 5px 0px rgba(0,0,0,0.12)",
        "0px 3px 3px -2px rgba(0,0,0,0.2),0px 3px 4px 0px rgba(0,0,0,0.14),0px 1px 8px 0px rgba(0,0,0,0.12)",
        "0px 2px 4px -1px rgba(0,0,0,0.2),0px 4px 5px 0px rgba(0,0,0,0.14),0px 1px 10px 0px rgba(0,0,0,0.12)",
        "0px 3px 5px -1px rgba(0,0,0,0.2),0px 5px 8px 0px rgba(0,0,0,0.14),0px 1px 14px 0px rgba(0,0,0,0.12)",
        "0px 3px 5px -1px rgba(0,0,0,0.2),0px 6px 10px 0px rgba(0,0,0,0.14),0px 1px 18px 0px rgba(0,0,0,0.12)",
        "0px 4px 5px -2px rgba(0,0,0,0.2),0px 7px 10px 1px rgba(0,0,0,0.14),0px 2px 16px 1px rgba(0,0,0,0.12)",
        "0px 5px 5px -3px rgba(0,0,0,0.2),0px 8px 10px 1px rgba(0,0,0,0.14),0px 3px 14px 2px rgba(0,0,0,0.12)",
        "0px 5px 6px -3px rgba(0,0,0,0.2),0px 9px 12px 1px rgba(0,0,0,0.14),0px 3px 16px 2px rgba(0,0,0,0.12)",
        "0px 6px 6px -3px rgba(0,0,0,0.2),0px 10px 14px 1px rgba(0,0,0,0.14),0px 4px 18px 3px rgba(0,0,0,0.12)",
        "0px 6px 7px -4px rgba(0,0,0,0.2),0px 11px 15px 1px rgba(0,0,0,0.14),0px 4px 20px 3px rgba(0,0,0,0.12)",
        "0px 7px 8px -4px rgba(0,0,0,0.2),0px 12px 17px 2px rgba(0,0,0,0.14),0px 5px 22px 4px rgba(0,0,0,0.12)",
        "0px 7px 8px -4px rgba(0,0,0,0.2),0px 13px 19px 2px rgba(0,0,0,0.14),0px 5px 24px 4px rgba(0,0,0,0.12)",
        "0px 7px 9px -4px rgba(0,0,0,0.2),0px 14px 21px 2px rgba(0,0,0,0.14),0px 5px 26px 4px rgba(0,0,0,0.12)",
        "0px 8px 9px -5px rgba(0,0,0,0.2),0px 15px 22px 2px rgba(0,0,0,0.14),0px 6px 28px 5px rgba(0,0,0,0.12)",
        "0px 8px 10px -5px rgba(0,0,0,0.2),0px 16px 24px 2px rgba(0,0,0,0.14),0px 6px 30px 5px rgba(0,0,0,0.12)",
        "0px 8px 11px -5px rgba(0,0,0,0.2),0px 17px 26px 2px rgba(0,0,0,0.14),0px 6px 32px 5px rgba(0,0,0,0.12)",
        "0px 9px 11px -5px rgba(0,0,0,0.2),0px 18px 28px 2px rgba(0,0,0,0.14),0px 7px 34px 6px rgba(0,0,0,0.12)",
        "0px 9px 12px -6px rgba(0,0,0,0.2),0px 19px 29px 2px rgba(0,0,0,0.14),0px 7px 36px 6px rgba(0,0,0,0.12)",
        "0px 10px 13px -6px rgba(0,0,0,0.2),0px 20px 31px 3px rgba(0,0,0,0.14),0px 8px 38px 7px rgba(0,0,0,0.12)",
        "0px 10px 13px -6px rgba(0,0,0,0.2),0px 21px 33px 3px rgba(0,0,0,0.14),0px 8px 40px 7px rgba(0,0,0,0.12)",
        "0px 10px 14px -6px rgba(0,0,0,0.2),0px 22px 35px 3px rgba(0,0,0,0.14),0px 8px 42px 7px rgba(0,0,0,0.12)",
        "0px 11px 14px -7px rgba(0,0,0,0.2),0px 23px 36px 3px rgba(0,0,0,0.14),0px 9px 44px 8px rgba(0,0,0,0.12)",
        "0px 11px 15px -7px rgba(0,0,0,0.2),0px 24px 38px 3px rgba(0,0,0,0.14),0px 9px 46px 8px rgba(0,0,0,0.12)",
      ],
      "shape": {
        "borderRadius": 4,
      },
      "spacing": [Function],
      "transitions": {
        "create": [Function],
        "duration": {
          "complex": 375,
          "enteringScreen": 225,
          "leavingScreen": 195,
          "short": 250,
          "shorter": 200,
          "shortest": 150,
          "standard": 300,
        },
        "easing": {
          "easeIn": "cubic-bezier(0.4, 0, 1, 1)",
          "easeInOut": "cubic-bezier(0.4, 0, 0.2, 1)",
          "easeOut": "cubic-bezier(0.0, 0, 0.2, 1)",
          "sharp": "cubic-bezier(0.4, 0, 0.6, 1)",
        },
        "getAutoHeightDuration": [Function],
      },
      "typography": {
        "body1": {
          "fontFamily": ""Roboto", "Helvetica", "Arial", sans-serif",
          "fontSize": "1rem",
          "fontWeight": 400,
          "letterSpacing": "0.00938em",
          "lineHeight": 1.5,
        },
        "body2": {
          "fontFamily": ""Roboto", "Helvetica", "Arial", sans-serif",
          "fontSize": "0.875rem",
          "fontWeight": 400,
          "letterSpacing": "0.01071em",
          "lineHeight": 1.43,
        },
        "button": {
          "fontFamily": ""Roboto", "Helvetica", "Arial", sans-serif",
          "fontSize": "0.875rem",
          "fontWeight": 500,
          "letterSpacing": "0.02857em",
          "lineHeight": 1.75,
          "textTransform": "uppercase",
        },
        "caption": {
          "fontFamily": ""Roboto", "Helvetica", "Arial", sans-serif",
          "fontSize": "0.75rem",
          "fontWeight": 400,
          "letterSpacing": "0.03333em",
          "lineHeight": 1.66,
        },
        "fontFamily": ""Roboto", "Helvetica", "Arial", sans-serif",
        "fontSize": 14,
        "fontWeightBold": 700,
        "fontWeightLight": 300,
        "fontWeightMedium": 500,
        "fontWeightRegular": 400,
        "h1": {
          "fontFamily": ""Roboto", "Helvetica", "Arial", sans-serif",
          "fontSize": "6rem",
          "fontWeight": 300,
          "letterSpacing": "-0.01562em",
          "lineHeight": 1.167,
        },
        "h2": {
          "fontFamily": ""Roboto", "Helvetica", "Arial", sans-serif",
          "fontSize": "3.75rem",
          "fontWeight": 300,
          "letterSpacing": "-0.00833em",
          "lineHeight": 1.2,
        },
        "h3": {
          "fontFamily": ""Roboto", "Helvetica", "Arial", sans-serif",
          "fontSize": "3rem",
          "fontWeight": 400,
          "letterSpacing": "0em",
          "lineHeight": 1.167,
        },
        "h4": {
          "fontFamily": ""Roboto", "Helvetica", "Arial", sans-serif",
          "fontSize": "2.125rem",
          "fontWeight": 400,
          "letterSpacing": "0.00735em",
          "lineHeight": 1.235,
        },
        "h5": {
          "fontFamily": ""Roboto", "Helvetica", "Arial", sans-serif",
          "fontSize": "1.5rem",
          "fontWeight": 400,
          "letterSpacing": "0em",
          "lineHeight": 1.334,
        },
        "h6": {
          "fontFamily": ""Roboto", "Helvetica", "Arial", sans-serif",
          "fontSize": "1.25rem",
          "fontWeight": 500,
          "letterSpacing": "0.0075em",
          "lineHeight": 1.6,
        },
        "htmlFontSize": 16,
        "overline": {
          "fontFamily": ""Roboto", "Helvetica", "Arial", sans-serif",
          "fontSize": "0.75rem",
          "fontWeight": 400,
          "letterSpacing": "0.08333em",
          "lineHeight": 2.66,
          "textTransform": "uppercase",
        },
        "pxToRem": [Function],
        "subtitle1": {
          "fontFamily": ""Roboto", "Helvetica", "Arial", sans-serif",
          "fontSize": "1rem",
          "fontWeight": 400,
          "letterSpacing": "0.00938em",
          "lineHeight": 1.75,
        },
        "subtitle2": {
          "fontFamily": ""Roboto", "Helvetica", "Arial", sans-serif",
          "fontSize": "0.875rem",
          "fontWeight": 500,
          "letterSpacing": "0.00714em",
          "lineHeight": 1.57,
        },
      },
      "zIndex": {
        "appBar": 1100,
        "drawer": 1200,
        "fab": 1050,
        "mobileStepper": 1000,
        "modal": 1300,
        "snackbar": 1400,
        "speedDial": 1050,
        "tooltip": 1500,
      },
    }
  }
>
  <ForwardRef(Container)
    maxWidth="lg"
  >
    <ForwardRef(Box)
      sx={
        {
          "alignItems": "center",
          "display": "flex",
          "marginTop": 0,
          "mx": 2,
          "my": 3,
          "p": 1,
        }
      }
    >
      <ForwardRef(Avatar)
        alt="pikachu"
        src="http://img4.wikia.nocookie.net/__cb20140328190757/pokemon/images/thumb/2/21/001Bulbasaur.png/200px-001Bulbasaur.png"
        sx={
          {
            "height": "100px",
            "width": "100px",
          }
        }
      />
      <ForwardRef(Box)
        sx={
          {
            "alignItems": "center",
            "marginTop": 5,
            "mx": 2,
            "p": 1,
          }
        }
      >
        <ForwardRef(Box)
          sx={
            {
              "alignItems": "center",
              "display": "flex",
              "mx": 2,
              "p": 1,
            }
          }
        >
          <ForwardRef(Typography)
            component="h1"
            sx={
              {
                "font": "",
                "fontWeight": "bold",
                "marginLeft": "16px",
                "marginRight": "64px",
              }
            }
            variant="h5"
          />
          <ForwardRef(Button)
            onClick={[Function]}
            sx={
              {
                "marginTop": "16px",
                "mat": 3,
                "mb": 2,
              }
            }
            type="submit"
            variant="contained"
          >
            Follow
          </ForwardRef(Button)>
        </ForwardRef(Box)>
        <ForwardRef(Box)
          sx={
            {
              "alignItems": "center",
              "display": "flex",
              "mx": 2,
              "my": 3,
            }
          }
        >
          <ForwardRef(Typography)
            sx={
              {
                "marginLeft": 5,
                "marginRight": 10,
              }
            }
          >
            Posts
          </ForwardRef(Typography)>
          <ForwardRef(Typography)
            sx={
              {
                "marginRight": 10,
              }
            }
          >
            Subscribers
          </ForwardRef(Typography)>
          <ForwardRef(Typography)
            onClick={[Function]}
            sx={
              {
                "marginRight": 10,
              }
            }
          >
            Follows
          </ForwardRef(Typography)>
        </ForwardRef(Box)>
        <ForwardRef(Typography)
          sx={
            {
              "marginLeft": 7,
              "marginTop": 0,
            }
          }
        >
          This is self-Introduction
        </ForwardRef(Typography)>
      </ForwardRef(Box)>
    </ForwardRef(Box)>
  </ForwardRef(Container)>
  <ForwardRef(Divider) />
  <Posts
    homeStates={
      HomeState {
        "UID": 2,
        "handleHomeStates": [Function],
        "isAct": false,
        "isPosts": false,
        "isProf": true,
        "isUp": false,
        "myUID": 1,
      }
    }
  />
</ThemeProvider>
`;
