// Jest Snapshot v1, https://goo.gl/fbAQLP

exports[`test Post snapshot 1`] = `
<div
  className="MuiContainer-root MuiContainer-maxWidthMd css-jcfe1v-MuiContainer-root"
>
  <div
    className="MuiGrid-root MuiGrid-container MuiGrid-spacing-xs-4 css-480o17-MuiGrid-root"
  />
</div>
`;
